/home/fz/qemu-debug/build/install_dir/usr/local/bin/qemu-system-x86_64\
    	-kernel bzImage\
    	-initrd initramfs.img\
    	-m 1G\
    	-nographic\
    	-append "earlyprintk=serial,ttyS0 console=ttyS0 nokaslr kvm_intel.dump_invalid_vmcs=1"\
    	-machine accel=kvm -enable-kvm\
    	-s\
    	-cpu host
c[?7l[2J[0mSeaBIOS (version rel-1.16.2-0-gea1b7a073390-prebuilt.qemu.org)


iPXE (http://ipxe.org) 00:03.0 CA00 PCI2.10 PnP PMM+3EFD0F40+3EF30F40 CA00
Press Ctrl-B to configure iPXE (PCI 00:03.0)...                                                                               


Booting from ROM..c[?7l[2J

KASLR disabled: 'nokaslr' on cmdline.

[    0.000000] Linux version 6.1.114+ (fz@Brahmamantra) (gcc (Ubuntu 11.4.0-1ubuntu1~22.04) 11.4.0, GNU ld (GNU Binutils for Ubuntu) 2.38) #22 SMP PREEMPT_DYNAMIC Fri Nov 29 15:23:12 CST 2024
[    0.000000] Command line: earlyprintk=serial,ttyS0 console=ttyS0 nokaslr kvm_intel.dump_invalid_vmcs=1
[    0.000000] KERNEL supported cpus:
[    0.000000]   Intel GenuineIntel
[    0.000000]   AMD AuthenticAMD
[    0.000000]   Hygon HygonGenuine
[    0.000000]   Centaur CentaurHauls
[    0.000000]   zhaoxin   Shanghai  
[    0.000000] BIOS-provided physical RAM map:
[    0.000000] BIOS-e820: [mem 0x0000000000000000-0x000000000009fbff] usable
[    0.000000] BIOS-e820: [mem 0x000000000009fc00-0x000000000009ffff] reserved
[    0.000000] BIOS-e820: [mem 0x00000000000f0000-0x00000000000fffff] reserved
[    0.000000] BIOS-e820: [mem 0x0000000000100000-0x000000003ffdffff] usable
[    0.000000] BIOS-e820: [mem 0x000000003ffe0000-0x000000003fffffff] reserved
[    0.000000] BIOS-e820: [mem 0x00000000feffc000-0x00000000feffffff] reserved
[    0.000000] BIOS-e820: [mem 0x00000000fffc0000-0x00000000ffffffff] reserved
[    0.000000] printk: bootconsole [earlyser0] enabled
[    0.000000] NX (Execute Disable) protection: active
[    0.000000] SMBIOS 2.8 present.
[    0.000000] DMI: QEMU Standard PC (i440FX + PIIX, 1996), BIOS rel-1.16.2-0-gea1b7a073390-prebuilt.qemu.org 04/01/2014
[    0.000000] Hypervisor detected: KVM
[    0.000000] kvm-clock: Using msrs 4b564d01 and 4b564d00
[    0.000001] kvm-clock: using sched offset of 122584671 cycles
[    0.000327] clocksource: kvm-clock: mask: 0xffffffffffffffff max_cycles: 0x1cd42e4dffb, max_idle_ns: 881590591483 ns
[    0.001338] tsc: Detected 3110.400 MHz processor
[    0.001956] last_pfn = 0x3ffe0 max_arch_pfn = 0x400000000
[    0.002320] x86/PAT: Configuration [0-7]: WB  WC  UC- UC  WB  WP  UC- WT  
[    0.005339] found SMP MP-table at [mem 0x000f5ba0-0x000f5baf]
[    0.005726] Using GB pages for direct mapping
[    0.006001] Incomplete global flushes, disabling PCID
[    0.006118] RAMDISK: [mem 0x3fd95000-0x3ffdffff]
[    0.006720] ACPI: Early table checksum verification disabled
[    0.007075] ACPI: RSDP 0x00000000000F59C0 000014 (v00 BOCHS )
[    0.007434] ACPI: RSDT 0x000000003FFE1AEA 000034 (v01 BOCHS  BXPC     00000001 BXPC 00000001)
[    0.007971] ACPI: FACP 0x000000003FFE199E 000074 (v01 BOCHS  BXPC     00000001 BXPC 00000001)
[    0.008503] ACPI: DSDT 0x000000003FFE0040 00195E (v01 BOCHS  BXPC     00000001 BXPC 00000001)
[    0.009035] ACPI: FACS 0x000000003FFE0000 000040
[    0.009323] ACPI: APIC 0x000000003FFE1A12 000078 (v01 BOCHS  BXPC     00000001 BXPC 00000001)
[    0.009854] ACPI: HPET 0x000000003FFE1A8A 000038 (v01 BOCHS  BXPC     00000001 BXPC 00000001)
[    0.010385] ACPI: WAET 0x000000003FFE1AC2 000028 (v01 BOCHS  BXPC     00000001 BXPC 00000001)
[    0.010914] ACPI: Reserving FACP table memory at [mem 0x3ffe199e-0x3ffe1a11]
[    0.011353] ACPI: Reserving DSDT table memory at [mem 0x3ffe0040-0x3ffe199d]
[    0.011790] ACPI: Reserving FACS table memory at [mem 0x3ffe0000-0x3ffe003f]
[    0.012228] ACPI: Reserving APIC table memory at [mem 0x3ffe1a12-0x3ffe1a89]
[    0.012672] ACPI: Reserving HPET table memory at [mem 0x3ffe1a8a-0x3ffe1ac1]
[    0.013123] ACPI: Reserving WAET table memory at [mem 0x3ffe1ac2-0x3ffe1ae9]
[    0.013728] No NUMA configuration found
[    0.013968] Faking a node at [mem 0x0000000000000000-0x000000003ffdffff]
[    0.014418] NODE_DATA(0) allocated [mem 0x3fd6a000-0x3fd94fff]
[    0.014886] Zone ranges:
[    0.015048]   DMA      [mem 0x0000000000001000-0x0000000000ffffff]
[    0.015433]   DMA32    [mem 0x0000000001000000-0x000000003ffdffff]
[    0.015825]   Normal   empty
[    0.016007]   Device   empty
[    0.016187] Movable zone start for each node
[    0.016477] Early memory node ranges
[    0.016710]   node   0: [mem 0x0000000000001000-0x000000000009efff]
[    0.017109]   node   0: [mem 0x0000000000100000-0x000000003ffdffff]
[    0.017499] Initmem setup node 0 [mem 0x0000000000001000-0x000000003ffdffff]
[    0.018149] On node 0, zone DMA: 1 pages in unavailable ranges
[    0.018158] On node 0, zone DMA: 97 pages in unavailable ranges
[    0.020331] On node 0, zone DMA32: 32 pages in unavailable ranges
[    0.020902] ACPI: PM-Timer IO Port: 0x608
[    0.021544] ACPI: LAPIC_NMI (acpi_id[0xff] dfl dfl lint[0x1])
[    0.021928] IOAPIC[0]: apic_id 0, version 17, address 0xfec00000, GSI 0-23
[    0.022360] ACPI: INT_SRC_OVR (bus 0 bus_irq 0 global_irq 2 dfl dfl)
[    0.022756] ACPI: INT_SRC_OVR (bus 0 bus_irq 5 global_irq 5 high level)
[    0.023170] ACPI: INT_SRC_OVR (bus 0 bus_irq 9 global_irq 9 high level)
[    0.023581] ACPI: INT_SRC_OVR (bus 0 bus_irq 10 global_irq 10 high level)
[    0.024006] ACPI: INT_SRC_OVR (bus 0 bus_irq 11 global_irq 11 high level)
[    0.024431] ACPI: Using ACPI (MADT) for SMP configuration information
[    0.024832] ACPI: HPET id: 0x8086a201 base: 0xfed00000
[    0.025181] TSC deadline timer available
[    0.025444] smpboot: Allowing 1 CPUs, 0 hotplug CPUs
[    0.025773] PM: hibernation: Registered nosave memory: [mem 0x00000000-0x00000fff]
[    0.026249] PM: hibernation: Registered nosave memory: [mem 0x0009f000-0x0009ffff]
[    0.026721] PM: hibernation: Registered nosave memory: [mem 0x000a0000-0x000effff]
[    0.027198] PM: hibernation: Registered nosave memory: [mem 0x000f0000-0x000fffff]
[    0.027670] [mem 0x40000000-0xfeffbfff] available for PCI devices
[    0.028052] Booting paravirtualized kernel on KVM
[    0.028345] clocksource: refined-jiffies: mask: 0xffffffff max_cycles: 0xffffffff, max_idle_ns: 1910969940391419 ns
[    0.029001] setup_percpu: NR_CPUS:8192 nr_cpumask_bits:1 nr_cpu_ids:1 nr_node_ids:1
[    0.029739] percpu: Embedded 63 pages/cpu s221184 r8192 d28672 u2097152
[    0.030213] kvm-guest: PV spinlocks disabled, single CPU
[    0.030549] Fallback order for Node 0: 0 
[    0.030551] Built 1 zonelists, mobility grouping on.  Total pages: 257760
[    0.031262] Policy zone: DMA32
[    0.031479] Kernel command line: earlyprintk=serial,ttyS0 console=ttyS0 nokaslr kvm_intel.dump_invalid_vmcs=1
[    0.032140] Unknown kernel command line parameters "nokaslr", will be passed to user space.
[    0.032672] random: crng init done
[    0.032952] Dentry cache hash table entries: 131072 (order: 8, 1048576 bytes, linear)
[    0.033465] Inode-cache hash table entries: 65536 (order: 7, 524288 bytes, linear)
[    0.033968] mem auto-init: stack:off, heap alloc:on, heap free:off
[    0.035488] Memory: 977204K/1048056K available (20490K kernel code, 4410K rwdata, 12028K rodata, 3260K init, 6480K bss, 70596K reserved, 0K cma-reserved)
[    0.036377] SLUB: HWalign=64, Order=0-3, MinObjects=0, CPUs=1, Nodes=1
Poking KASLR using RDRAND RDTSC...
[    0.036975] ftrace: allocating 53376 entries in 209 pages
[    0.042598] ftrace: allocated 209 pages with 4 groups
[    0.043530] Dynamic Preempt: voluntary
[    0.043771] rcu: Preemptible hierarchical RCU implementation.
[    0.044116] rcu: 	RCU restricting CPUs from NR_CPUS=8192 to nr_cpu_ids=1.
[    0.044521] 	Trampoline variant of Tasks RCU enabled.
[    0.044829] 	Rude variant of Tasks RCU enabled.
[    0.045102] 	Tracing variant of Tasks RCU enabled.
[    0.045388] rcu: RCU calculated value of scheduler-enlistment delay is 100 jiffies.
[    0.045845] rcu: Adjusting geometry for rcu_fanout_leaf=16, nr_cpu_ids=1
[    0.048862] NR_IRQS: 524544, nr_irqs: 256, preallocated irqs: 16
[    0.049399] rcu: srcu_init: Setting srcu_struct sizes based on contention.
[    0.054827] Console: colour VGA+ 80x25
[    0.055094] printk: console [ttyS0] enabled
[    0.055094] printk: console [ttyS0] enabled
[    0.055603] printk: bootconsole [earlyser0] disabled
[    0.055603] printk: bootconsole [earlyser0] disabled
[    0.056212] ACPI: Core revision 20220331
[    0.056527] clocksource: hpet: mask: 0xffffffff max_cycles: 0xffffffff, max_idle_ns: 19112604467 ns
[    0.057142] APIC: Switch to symmetric I/O mode setup
[    0.057616] x2apic enabled
[    0.057936] Switched APIC routing to physical x2apic.
[    0.058904] ..TIMER: vector=0x30 apic1=0 pin1=2 apic2=-1 pin2=-1
[    0.059306] clocksource: tsc-early: mask: 0xffffffffffffffff max_cycles: 0x2cd5a8bb032, max_idle_ns: 440795365915 ns
[    0.059952] Calibrating delay loop (skipped) preset value.. 6220.80 BogoMIPS (lpj=3110400)
[    0.061027] x86/cpu: User Mode Instruction Prevention (UMIP) activated
[    0.061473] Last level iTLB entries: 4KB 0, 2MB 0, 4MB 0
[    0.061951] Last level dTLB entries: 4KB 0, 2MB 0, 4MB 0, 1GB 0
[    0.062317] Spectre V1 : Mitigation: usercopy/swapgs barriers and __user pointer sanitization
[    0.062952] Spectre V2 : Spectre BHI mitigation: SW BHB clearing on vm exit
[    0.063379] Spectre V2 : Spectre BHI mitigation: SW BHB clearing on syscall
[    0.063813] Spectre V2 : Mitigation: Enhanced / Automatic IBRS
[    0.063951] Spectre V2 : Spectre v2 / SpectreRSB mitigation: Filling RSB on context switch
[    0.064460] Spectre V2 : Spectre v2 / PBRSB-eIBRS: Retire a single CALL on VMEXIT
[    0.064951] Spectre V2 : mitigation: Enabling conditional Indirect Branch Prediction Barrier
[    0.065472] Speculative Store Bypass: Mitigation: Speculative Store Bypass disabled via prctl
[    0.065951] Register File Data Sampling: Vulnerable: No microcode
[    0.066338] x86/fpu: Supporting XSAVE feature 0x001: 'x87 floating point registers'
[    0.066951] x86/fpu: Supporting XSAVE feature 0x002: 'SSE registers'
[    0.067354] x86/fpu: Supporting XSAVE feature 0x004: 'AVX registers'
[    0.067951] x86/fpu: Supporting XSAVE feature 0x200: 'Protection Keys User registers'
[    0.068448] x86/fpu: xstate_offset[2]:  576, xstate_sizes[2]:  256
[    0.068951] x86/fpu: xstate_offset[9]:  832, xstate_sizes[9]:    8
[    0.069347] x86/fpu: Enabled xstate features 0x207, context size is 840 bytes, using 'compacted' format.
[    0.083818] Freeing SMP alternatives memory: 44K
[    0.083951] pid_max: default: 32768 minimum: 301
[    0.084258] LSM: Security Framework initializing
[    0.084567] landlock: Up and running.
[    0.084950] Yama: becoming mindful.
[    0.085187] AppArmor: AppArmor initialized
[    0.085481] Mount-cache hash table entries: 2048 (order: 2, 16384 bytes, linear)
[    0.085951] Mountpoint-cache hash table entries: 2048 (order: 2, 16384 bytes, linear)
[    0.086623] smpboot: CPU0: 12th Gen Intel(R) Core(TM) i5-12500H (family: 0x6, model: 0x9a, stepping: 0x3)
[    0.086950] cblist_init_generic: Setting adjustable number of callback queues.
[    0.086952] cblist_init_generic: Setting shift to 0 and lim to 1.
[    0.087345] cblist_init_generic: Setting adjustable number of callback queues.
[    0.087804] cblist_init_generic: Setting shift to 0 and lim to 1.
[    0.087958] cblist_init_generic: Setting adjustable number of callback queues.
[    0.088414] cblist_init_generic: Setting shift to 0 and lim to 1.
[    0.088814] Performance Events: unsupported p6 CPU model 154 no PMU driver, software events only.
[    0.088958] signal: max sigframe size: 3632
[    0.089237] rcu: Hierarchical SRCU implementation.
[    0.089543] rcu: 	Max phase no-delay instances is 400.
[    0.090029] NMI watchdog: Perf NMI watchdog permanently disabled
[    0.090439] smp: Bringing up secondary CPUs ...
[    0.090728] smp: Brought up 1 node, 1 CPU
[    0.090953] smpboot: Max logical packages: 1
[    0.091229] smpboot: Total of 1 processors activated (6220.80 BogoMIPS)
[    0.091741] devtmpfs: initialized
[    0.091974] x86/mm: Memory block size: 128MB
[    0.092354] clocksource: jiffies: mask: 0xffffffff max_cycles: 0xffffffff, max_idle_ns: 1911260446275000 ns
[    0.092954] futex hash table entries: 256 (order: 2, 16384 bytes, linear)
[    0.093409] pinctrl core: initialized pinctrl subsystem
[    0.093812] PM: RTC time: 07:36:03, date: 2024-11-29
[    0.094234] NET: Registered PF_NETLINK/PF_ROUTE protocol family
[    0.094659] DMA: preallocated 128 KiB GFP_KERNEL pool for atomic allocations
[    0.094963] DMA: preallocated 128 KiB GFP_KERNEL|GFP_DMA pool for atomic allocations
[    0.095463] DMA: preallocated 128 KiB GFP_KERNEL|GFP_DMA32 pool for atomic allocations
[    0.095956] audit: initializing netlink subsys (disabled)
[    0.096361] thermal_sys: Registered thermal governor 'fair_share'
[    0.096362] thermal_sys: Registered thermal governor 'bang_bang'
[    0.096751] thermal_sys: Registered thermal governor 'step_wise'
[    0.096951] thermal_sys: Registered thermal governor 'user_space'
[    0.097332] thermal_sys: Registered thermal governor 'power_allocator'
[    0.097727] EISA bus registered
[    0.098160] cpuidle: using governor ladder
[    0.098426] audit: type=2000 audit(1732865763.674:1): state=initialized audit_enabled=0 res=1
[    0.098952] cpuidle: using governor menu
[    0.099228] acpiphp: ACPI Hot Plug PCI Controller Driver version: 0.5
[    0.099698] PCI: Using configuration type 1 for base access
[    0.100967] kprobes: kprobe jump-optimization is enabled. All kprobes are optimized if possible.
[    0.124600] HugeTLB: registered 1.00 GiB page size, pre-allocated 0 pages
[    0.124952] HugeTLB: 16380 KiB vmemmap can be freed for a 1.00 GiB page
[    0.125390] HugeTLB: registered 2.00 MiB page size, pre-allocated 0 pages
[    0.125834] HugeTLB: 28 KiB vmemmap can be freed for a 2.00 MiB page
[    0.126143] ACPI: Added _OSI(Module Device)
[    0.126425] ACPI: Added _OSI(Processor Device)
[    0.126725] ACPI: Added _OSI(3.0 _SCP Extensions)
[    0.126952] ACPI: Added _OSI(Processor Aggregator Device)
[    0.127728] ACPI: 1 ACPI AML tables successfully acquired and loaded
[    0.128442] ACPI: Interpreter enabled
[    0.128700] ACPI: PM: (supports S0 S3 S4 S5)
[    0.128953] ACPI: Using IOAPIC for interrupt routing
[    0.129287] PCI: Using host bridge windows from ACPI; if necessary, use "pci=nocrs" and report a bug
[    0.129885] PCI: Using E820 reservations for host bridge windows
[    0.130003] ACPI: Enabled 2 GPEs in block 00 to 0F
[    0.131317] ACPI: PCI Root Bridge [PCI0] (domain 0000 [bus 00-ff])
[    0.131730] acpi PNP0A03:00: _OSC: OS supports [ASPM ClockPM Segments MSI EDR HPX-Type3]
[    0.131952] acpi PNP0A03:00: _OSC: not requesting OS control; OS requires [ExtendedConfig ASPM ClockPM MSI]
[    0.132614] acpi PNP0A03:00: fail to add MMCONFIG information, can't access extended PCI configuration space under this bridge.
[    0.133104] acpiphp: Slot [3] registered
[    0.133376] acpiphp: Slot [4] registered
[    0.133643] acpiphp: Slot [5] registered
[    0.133910] acpiphp: Slot [6] registered
[    0.133958] acpiphp: Slot [7] registered
[    0.134231] acpiphp: Slot [8] registered
[    0.134498] acpiphp: Slot [9] registered
[    0.134765] acpiphp: Slot [10] registered
[    0.134960] acpiphp: Slot [11] registered
[    0.135234] acpiphp: Slot [12] registered
[    0.135506] acpiphp: Slot [13] registered
[    0.135789] acpiphp: Slot [14] registered
[    0.135963] acpiphp: Slot [15] registered
[    0.136245] acpiphp: Slot [16] registered
[    0.136519] acpiphp: Slot [17] registered
[    0.136794] acpiphp: Slot [18] registered
[    0.136959] acpiphp: Slot [19] registered
[    0.137233] acpiphp: Slot [20] registered
[    0.137506] acpiphp: Slot [21] registered
[    0.137786] acpiphp: Slot [22] registered
[    0.137959] acpiphp: Slot [23] registered
[    0.138233] acpiphp: Slot [24] registered
[    0.138506] acpiphp: Slot [25] registered
[    0.138784] acpiphp: Slot [26] registered
[    0.138959] acpiphp: Slot [27] registered
[    0.139242] acpiphp: Slot [28] registered
[    0.139518] acpiphp: Slot [29] registered
[    0.139794] acpiphp: Slot [30] registered
[    0.139960] acpiphp: Slot [31] registered
[    0.140252] PCI host bridge to bus 0000:00
[    0.140542] pci_bus 0000:00: root bus resource [io  0x0000-0x0cf7 window]
[    0.140951] pci_bus 0000:00: root bus resource [io  0x0d00-0xffff window]
[    0.141401] pci_bus 0000:00: root bus resource [mem 0x000a0000-0x000bffff window]
[    0.141892] pci_bus 0000:00: root bus resource [mem 0x40000000-0xfebfffff window]
[    0.141951] pci_bus 0000:00: root bus resource [mem 0x100000000-0x17fffffff window]
[    0.142466] pci_bus 0000:00: root bus resource [bus 00-ff]
[    0.142856] pci 0000:00:00.0: [8086:1237] type 00 class 0x060000
[    0.143195] pci 0000:00:01.0: [8086:7000] type 00 class 0x060100
[    0.143908] pci 0000:00:01.1: [8086:7010] type 00 class 0x010180
[    0.144953] pci 0000:00:01.1: reg 0x20: [io  0xc040-0xc04f]
[    0.145869] pci 0000:00:01.1: legacy IDE quirk: reg 0x10: [io  0x01f0-0x01f7]
[    0.145954] pci 0000:00:01.1: legacy IDE quirk: reg 0x14: [io  0x03f6]
[    0.146487] pci 0000:00:01.1: legacy IDE quirk: reg 0x18: [io  0x0170-0x0177]
[    0.146954] pci 0000:00:01.1: legacy IDE quirk: reg 0x1c: [io  0x0376]
[    0.147731] pci 0000:00:01.3: [8086:7113] type 00 class 0x068000
[    0.148304] pci 0000:00:01.3: quirk: [io  0x0600-0x063f] claimed by PIIX4 ACPI
[    0.148960] pci 0000:00:01.3: quirk: [io  0x0700-0x070f] claimed by PIIX4 SMB
[    0.149803] pci 0000:00:02.0: [1234:1111] type 00 class 0x030000
[    0.150962] pci 0000:00:02.0: reg 0x10: [mem 0xfd000000-0xfdffffff pref]
[    0.153321] pci 0000:00:02.0: reg 0x18: [mem 0xfebf0000-0xfebf0fff]
[    0.156467] pci 0000:00:02.0: reg 0x30: [mem 0xfebe0000-0xfebeffff pref]
[    0.157016] pci 0000:00:02.0: Video device with shadowed ROM at [mem 0x000c0000-0x000dffff]
[    0.158153] pci 0000:00:03.0: [8086:100e] type 00 class 0x020000
[    0.159962] pci 0000:00:03.0: reg 0x10: [mem 0xfebc0000-0xfebdffff]
[    0.160954] pci 0000:00:03.0: reg 0x14: [io  0xc000-0xc03f]
[    0.163478] pci 0000:00:03.0: reg 0x30: [mem 0xfeb80000-0xfebbffff pref]
[    0.170690] ACPI: PCI: Interrupt link LNKA configured for IRQ 10
[    0.171032] ACPI: PCI: Interrupt link LNKB configured for IRQ 10
[    0.171514] ACPI: PCI: Interrupt link LNKC configured for IRQ 11
[    0.172003] ACPI: PCI: Interrupt link LNKD configured for IRQ 11
[    0.172459] ACPI: PCI: Interrupt link LNKS configured for IRQ 9
[    0.173058] iommu: Default domain type: Translated 
[    0.173421] iommu: DMA domain TLB invalidation policy: lazy mode 
[    0.173966] SCSI subsystem initialized
[    0.174265] ACPI: bus type USB registered
[    0.174562] usbcore: registered new interface driver usbfs
[    0.174954] usbcore: registered new interface driver hub
[    0.175357] usbcore: registered new device driver usb
[    0.175728] pps_core: LinuxPPS API ver. 1 registered
[    0.175952] pps_core: Software ver. 5.3.6 - Copyright 2005-2007 Rodolfo Giometti <giometti@linux.it>
[    0.176623] PTP clock support registered
[    0.176930] EDAC MC: Ver: 3.0.0
[    0.177134] NetLabel: Initializing
[    0.177386] NetLabel:  domain hash size = 128
[    0.177702] NetLabel:  protocols = UNLABELED CIPSOv4 CALIPSO
[    0.177959] NetLabel:  unlabeled traffic allowed by default
[    0.178381] mctp: management component transport protocol core
[    0.178804] NET: Registered PF_MCTP protocol family
[    0.178954] PCI: Using ACPI for IRQ routing
[    0.179333] pci 0000:00:02.0: vgaarb: setting as boot VGA device
[    0.179760] pci 0000:00:02.0: vgaarb: bridge control possible
[    0.179950] pci 0000:00:02.0: vgaarb: VGA device added: decodes=io+mem,owns=io+mem,locks=none
[    0.179951] vgaarb: loaded
[    0.180222] hpet0: at MMIO 0xfed00000, IRQs 2, 8, 0
[    0.180590] hpet0: 3 comparators, 64-bit 100.000000 MHz counter
[    0.184970] clocksource: Switched to clocksource kvm-clock
[    0.191107] VFS: Disk quotas dquot_6.6.0
[    0.191415] VFS: Dquot-cache hash table entries: 512 (order 0, 4096 bytes)
[    0.191905] FS-Cache: Loaded
[    0.192159] AppArmor: AppArmor Filesystem Enabled
[    0.192498] pnp: PnP ACPI init
[    0.192909] pnp: PnP ACPI: found 6 devices
[    0.198406] clocksource: acpi_pm: mask: 0xffffff max_cycles: 0xffffff, max_idle_ns: 2085701024 ns
[    0.199026] NET: Registered PF_INET protocol family
[    0.199369] IP idents hash table entries: 16384 (order: 5, 131072 bytes, linear)
[    0.200607] tcp_listen_portaddr_hash hash table entries: 512 (order: 1, 8192 bytes, linear)
[    0.201160] Table-perturb hash table entries: 65536 (order: 6, 262144 bytes, linear)
[    0.201654] TCP established hash table entries: 8192 (order: 4, 65536 bytes, linear)
[    0.202175] TCP bind hash table entries: 8192 (order: 6, 262144 bytes, linear)
[    0.202639] TCP: Hash tables configured (established 8192 bind 8192)
[    0.203100] MPTCP token hash table entries: 1024 (order: 2, 24576 bytes, linear)
[    0.203634] UDP hash table entries: 512 (order: 2, 16384 bytes, linear)
[    0.204077] UDP-Lite hash table entries: 512 (order: 2, 16384 bytes, linear)
[    0.204553] NET: Registered PF_UNIX/PF_LOCAL protocol family
[    0.204941] NET: Registered PF_XDP protocol family
[    0.205275] pci_bus 0000:00: resource 4 [io  0x0000-0x0cf7 window]
[    0.205663] pci_bus 0000:00: resource 5 [io  0x0d00-0xffff window]
[    0.206049] pci_bus 0000:00: resource 6 [mem 0x000a0000-0x000bffff window]
[    0.206500] pci_bus 0000:00: resource 7 [mem 0x40000000-0xfebfffff window]
[    0.206945] pci_bus 0000:00: resource 8 [mem 0x100000000-0x17fffffff window]
[    0.207437] pci 0000:00:01.0: PIIX3: Enabling Passive Release
[    0.207806] pci 0000:00:00.0: Limiting direct PCI/PCI transfers
[    0.208242] PCI: CLS 0 bytes, default 64
[    0.208546] Trying to unpack rootfs image as initramfs...
[    0.213306] clocksource: tsc: mask: 0xffffffffffffffff max_cycles: 0x2cd5a8bb032, max_idle_ns: 440795365915 ns
[    0.215374] Initialise system trusted keyrings
[    0.215687] Key type blacklist registered
[    0.218277] workingset: timestamp_bits=36 max_order=18 bucket_order=0
[    0.219384] zbud: loaded
[    0.219692] squashfs: version 4.0 (2009/01/31) Phillip Lougher
[    0.223185] fuse: init (API version 7.38)
[    0.223546] integrity: Platform Keyring initialized
[    0.223880] integrity: Machine keyring initialized
[    0.232213] Key type asymmetric registered
[    0.232490] Asymmetric key parser 'x509' registered
[    0.241166] Freeing initrd memory: 2348K
[    0.241537] alg: self-tests for CTR-KDF (hmac(sha256)) passed
[    0.241912] Block layer SCSI generic (bsg) driver version 0.4 loaded (major 243)
[    0.242412] io scheduler mq-deadline registered
[    0.242794] shpchp: Standard Hot Plug PCI Controller Driver version: 0.4
[    0.243288] input: Power Button as /devices/LNXSYSTM:00/LNXPWRBN:00/input/input0
[    0.243771] ACPI: button: Power Button [PWRF]
[    0.244215] Serial: 8250/16550 driver, 32 ports, IRQ sharing enabled
[    0.266932] 00:04: ttyS0 at I/O 0x3f8 (irq = 4, base_baud = 115200) is a 16550A
[    0.268081] Linux agpgart interface v0.103
[    0.268411] ACPI: bus type drm_connector registered
[    0.269235] loop: module loaded
[    0.270104] scsi host0: ata_piix
[    0.270395] scsi host1: ata_piix
[    0.270611] ata1: PATA max MWDMA2 cmd 0x1f0 ctl 0x3f6 bmdma 0xc040 irq 14
[    0.271035] ata2: PATA max MWDMA2 cmd 0x170 ctl 0x376 bmdma 0xc048 irq 15
[    0.271829] tun: Universal TUN/TAP device driver, 1.6
[    0.272195] PPP generic driver version 2.4.2
[    0.272532] i8042: PNP: PS/2 Controller [PNP0303:KBD,PNP0f13:MOU] at 0x60,0x64 irq 1,12
[    0.273496] serio: i8042 KBD port at 0x60,0x64 irq 1
[    0.273813] serio: i8042 AUX port at 0x60,0x64 irq 12
[    0.274181] mousedev: PS/2 mouse device common for all mice
[    0.274652] input: AT Translated Set 2 keyboard as /devices/platform/i8042/serio0/input/input1
[    0.275324] rtc_cmos 00:05: RTC can wake from S4
[    0.275836] rtc_cmos 00:05: registered as rtc0
[    0.276169] rtc_cmos 00:05: setting system clock to 2024-11-29T07:36:03 UTC (1732865763)
[    0.276708] rtc_cmos 00:05: alarms up to one day, y3k, 242 bytes nvram, hpet irqs
[    0.277190] i2c_dev: i2c /dev entries driver
[    0.277472] device-mapper: core: CONFIG_IMA_DISABLE_HTABLE is disabled. Duplicate IMA measurements will not be recorded in the IMA log.
[    0.278252] device-mapper: uevent: version 1.0.3
[    0.278562] device-mapper: ioctl: 4.47.0-ioctl (2022-07-28) initialised: dm-devel@redhat.com
[    0.279119] platform eisa.0: Probing EISA bus 0
[    0.279418] platform eisa.0: EISA: Cannot allocate resource for mainboard
[    0.279867] platform eisa.0: Cannot allocate resource for EISA slot 1
[    0.280299] platform eisa.0: Cannot allocate resource for EISA slot 2
[    0.280745] platform eisa.0: Cannot allocate resource for EISA slot 3
[    0.281183] platform eisa.0: Cannot allocate resource for EISA slot 4
[    0.281610] platform eisa.0: Cannot allocate resource for EISA slot 5
[    0.282030] platform eisa.0: Cannot allocate resource for EISA slot 6
[    0.282466] platform eisa.0: Cannot allocate resource for EISA slot 7
[    0.282896] platform eisa.0: Cannot allocate resource for EISA slot 8
[    0.283331] platform eisa.0: EISA: Detected 0 cards
[    0.283659] intel_pstate: CPU model not supported
[    0.283980] ledtrig-cpu: registered to indicate activity on CPUs
[    0.284418] drop_monitor: Initializing network drop monitor service
[    0.292581] NET: Registered PF_INET6 protocol family
[    0.293217] Segment Routing with IPv6
[    0.293476] In-situ OAM (IOAM) with IPv6
[    0.293753] NET: Registered PF_PACKET protocol family
[    0.294113] Key type dns_resolver registered
[    0.294488] IPI shorthand broadcast: enabled
[    0.294790] sched_clock: Marking stable (286265565, 8137358)->(307282564, -12879641)
[    0.295357] registered taskstats version 1
[    0.295654] Loading compiled-in X.509 certificates
[    0.296325] Loaded X.509 cert 'Build time autogenerated kernel key: 7df6aadc10994bac8d864faab2b302d8692a8a6a'
[    0.297020] zswap: loaded using pool lzo/zbud
[    0.297356] Key type .fscrypt registered
[    0.297622] Key type fscrypt-provisioning registered
[    0.298025] Key type encrypted registered
[    0.298299] AppArmor: AppArmor sha1 policy hashing enabled
[    0.298645] ima: No TPM chip found, activating TPM-bypass!
[    0.298988] Loading compiled-in module X.509 certificates
[    0.299597] Loaded X.509 cert 'Build time autogenerated kernel key: 7df6aadc10994bac8d864faab2b302d8692a8a6a'
[    0.300226] ima: Allocated hash algorithm: sha256
[    0.300527] ima: No architecture policies found
[    0.300817] evm: Initialising EVM extended attributes:
[    0.301183] evm: security.selinux
[    0.301393] evm: security.SMACK64
[    0.301603] evm: security.SMACK64EXEC
[    0.301834] evm: security.SMACK64TRANSMUTE
[    0.302096] evm: security.SMACK64MMAP
[    0.302339] evm: security.apparmor
[    0.302554] evm: security.ima
[    0.302743] evm: security.capability
[    0.302970] evm: HMAC attrs: 0x1
[    0.303626] PM:   Magic number: 0:533:623
[    0.303983] RAS: Correctable Errors collector initialized.
[    0.304372] clk: Disabling unused clocks
[    0.426269] ata2: found unknown device (class 0)
[    0.426937] ata2.00: ATAPI: QEMU DVD-ROM, 2.5+, max UDMA/100
[    0.427815] scsi 1:0:0:0: CD-ROM            QEMU     QEMU DVD-ROM     2.5+ PQ: 0 ANSI: 5
[    0.456516] sr 1:0:0:0: [sr0] scsi3-mmc drive: 4x/4x cd/rw xa/form2 tray
[    0.456832] cdrom: Uniform CD-ROM driver Revision: 3.20
[    0.471717] sr 1:0:0:0: Attached scsi generic sg0 type 5
[    0.480636] Freeing unused decrypted memory: 2036K
[    0.481163] Freeing unused kernel image (initmem) memory: 3260K
[    0.481446] Write protecting the kernel read-only data: 34816k
[    0.481952] Freeing unused kernel image (text/rodata gap) memory: 2036K
[    0.482294] Freeing unused kernel image (rodata/data gap) memory: 260K
[    0.488483] x86/mm: Checked W+X mappings: passed, no W+X pages found.
[    0.488781] Run /init as init process
Hello MyLinux
sh: can't access tty; job control turned off
(kernel) =>QEMU: Terminated
